-bash: ../lvgl_ui_generator: No such file or directory
