Warning: Component '@my_reusable_component' missing 'root' definition. Skipping component registration.
Warning: Unknown IRStmt type in free_stmt: 9
Warning: Unknown IRStmt type in free_stmt: 9
Warning: Unknown IRStmt type in free_stmt: 9
// Code generated by LVGL UI Generator

#include "lvgl.h"

// Forward declaration for any registered C pointers you might have from your application.
// Example: extern const lv_font_t my_custom_font;
void create_ui(lv_obj_t* parent) {
    {
        lv_obj_t* v_main_view = lv_obj_create(parent);
        {
            lv_obj_t* label_0 = lv_label_create(v_main_view);
            lv_label_set_text(label_0, "Main view label");
        }
        {
            lv_obj_t* uv_instance_1 = lv_obj_create(v_main_view);
        }
    }
}
