// Code generated by LVGL UI Generator

#include "lvgl.h"

// Forward declaration for any registered C pointers you might have from your application.
// Example: extern const lv_font_t my_custom_font;
void create_ui(lv_obj_t* parent) {
    {
        lv_style_t* s_debug = (lv_style_t*)malloc(sizeof(lv_style_t));
        if (s_debug != NULL) {
            memset(s_debug, 0, sizeof(lv_style_t));
            lv_style_init(s_debug);
        } else {
            fprintf(stderr, "Error: Failed to malloc for object %s of type %s\n", "s_debug", "lv_style_t");
        }
        // This is a comment for the style object.
        lv_style_set_outline_width(s_debug, 1);
        lv_style_set_outline_color(s_debug, lv_color_hex(0xFFEEFF));
        lv_style_set_outline_opa(s_debug, 150);
        lv_style_set_border_width(s_debug, 1);
        lv_style_set_border_color(s_debug, lv_color_hex(0xFFEEFF));
        lv_style_set_border_opa(s_debug, 150);
        lv_style_set_radius(s_debug, 0);
        registry_add_pointer(ui_registry, s_debug, "s_debug_style", "style");
    }
    {
        lv_obj_t* obj_0 = lv_obj_create(parent);
        // This is the object that was causing the instantiation warning. It defaults to type 'obj' because no 'type' is specified. It will get a generated name like obj_0 or similar.
        {
            lv_obj_t* l_label_1 = lv_label_create(obj_0);
            // This is a comment for the label object.
            lv_label_set_text(l_label_1, "TEST");
            registry_add_pointer(ui_registry, l_label_1, "label_1_in_obj", "label");
        }
    }
}
