Warning: Property 'tooltip_text' for object type 'label' (C var 'l_escapes') not found in API spec. Skipping.
// Code generated by LVGL UI Generator

#include "lvgl.h"

// Forward declaration for any registered C pointers you might have from your application.
// Example: extern const lv_font_t my_custom_font;
void create_ui(lv_obj_t* parent) {
    {
        lv_obj_t* l_escapes = lv_label_create(parent);
        lv_label_set_text(l_escapes, "Line1\nLine2");
        registry_add_pointer(ui_registry, l_escapes, "label_escapes", "label");
    }
    {
        lv_obj_t* ta_escapes = lv_textarea_create(parent);
        lv_textarea_set_placeholder_text(ta_escapes, "Enter text here:\nE.g., C:\\Program Files");
        registry_add_pointer(ui_registry, ta_escapes, "ta_escapes", "textarea");
    }
}
