--- UI-Sim Trace Start ---
STATE_SET: count_up = 0.000 (old: null)
STATE_SET: count_down = 10.000 (old: null)
NOTIFY: count_up = 0.000
NOTIFY: count_down = 10.000

--- TICK 1 ---
ACTION: step value=null
STATE_SET: count_up = 1.000 (old: 0.000)
STATE_SET: count_down = 8.000 (old: 10.000)
NOTIFY: count_up = 1.000
NOTIFY: count_down = 8.000

--- TICK 2 ---
ACTION: step value=null
STATE_SET: count_up = 2.000 (old: 1.000)
STATE_SET: count_down = 6.000 (old: 8.000)
NOTIFY: count_up = 2.000
NOTIFY: count_down = 6.000

--- TICK 3 ---
ACTION: step value=null
STATE_SET: count_up = 0.000 (old: 2.000)
STATE_SET: count_down = 10.000 (old: 6.000)
NOTIFY: count_up = 0.000
NOTIFY: count_down = 10.000

--- UI-Sim Trace End ---
