--- UI-Sim Trace Start ---
STATE_SET: a = 1.000 (old: null)
STATE_SET: b = 2.000 (old: null)
STATE_SET: c = 3.000 (old: null)
NOTIFY: a = 1.000
NOTIFY: b = 2.000
NOTIFY: c = 3.000

--- TICK 1 ---
ACTION: inc_a value=null
STATE_SET: a = 2.000 (old: 1.000)
STATE_SET: b = 4.000 (old: 2.000)
STATE_SET: c = 5.000 (old: 3.000)
NOTIFY: a = 2.000
NOTIFY: b = 4.000
NOTIFY: c = 5.000

--- TICK 2 ---
ACTION: inc_a value=null
STATE_SET: a = 3.000 (old: 2.000)
STATE_SET: b = 6.000 (old: 4.000)
STATE_SET: c = 7.000 (old: 5.000)
NOTIFY: a = 3.000
NOTIFY: b = 6.000
NOTIFY: c = 7.000

--- UI-Sim Trace End ---
