/* AUTO-GENERATED by the 'c_code' backend */

#include "lvgl.h"
#include "c_gen/lvgl_dispatch.h" // For obj_registry_add
#include "data_binding.h"

void create_ui(lv_obj_t* parent) {
    // unnamed: obj_0 (obj)
    lv_obj_t* obj_0 = lv_obj_create(parent);

    lv_obj_set_style_size(obj_0, 300, 200, 0);

}
