/* AUTO-GENERATED by the 'c_code' backend */

#include "lvgl.h"
#include "c_gen/lvgl_dispatch.h" // For obj_registry_add
#include "data_binding.h"

void create_ui(lv_obj_t* parent) {
    // unnamed: msgbox_0 (msgbox)
    lv_obj_t* msgbox_0 = lv_msgbox_create(parent);

    lv_msgbox_add_title(msgbox_0, "Confirmation");
    lv_msgbox_add_text(msgbox_0, "Are you sure you want to proceed?");
    lv_msgbox_add_text(msgbox_0, "");
    lv_msgbox_add_footer_button(msgbox_0, "Apply");
    lv_msgbox_add_footer_button(msgbox_0, "Cancel");
    lv_obj_center(msgbox_0);

}
