/* AUTO-GENERATED by the 'c_code' backend */

#include "lvgl.h"
#include "c_gen/lvgl_dispatch.h" // For obj_registry_add
#include "data_binding.h"

void create_ui(lv_obj_t* parent) {
    // --- Static Arrays for LVGL properties ---
    static const lv_point_precise_t s_static_array_0[] = { x(5), x(70), x(120), x(180), x(230) };

    // unnamed: line_0 (line)
    lv_obj_t* line_0 = lv_line_create(parent);

    lv_line_set_points(line_0, s_static_array_0, 5);
    lv_line_set_y_invert(line_0, true);

}
