/* AUTO-GENERATED by the 'c_code' backend */

#include "lvgl.h"
#include "c_gen/lvgl_dispatch.h" // For obj_registry_add
#include "data_binding.h"

void create_ui(lv_obj_t* parent) {
    // unnamed: button_0 (button)
    lv_obj_t* button_0 = lv_button_create(parent);

    lv_obj_set_pos(button_0, 10, 10);
    lv_obj_set_style_size(button_0, 120, 50, 0);
    lv_obj_remove_style_all(button_0);
    // unnamed: label_1 (label)
    lv_obj_t* label_1 = lv_label_create(button_0);

    lv_label_set_text(label_1, "A label inside button w/o styles");


}
