/* AUTO-GENERATED by the 'c_code' backend */

#include "lvgl.h"
#include "c_gen/lvgl_dispatch.h" // For obj_registry_add
#include "data_binding.h"

void create_ui(lv_obj_t* parent) {
    // unnamed: dropdown_0 (dropdown)
    lv_obj_t* dropdown_0 = lv_dropdown_create(parent);

    lv_obj_set_pos(dropdown_0, 20, 20);
    lv_dropdown_set_options(dropdown_0, "Apple\nBanana\nOrange\nCherry\nGrape");

}
