[{
		"parent":	{
			"child":	{
				"key":	"first",
				"another":	1
			},
			"child":	{
				"key":	"second",
				"final":	true
			}
		}
	}]
