[{
		"key":	null
	}, {
		"another_key":	"value"
	}]
