[{
		"small_number":	0.000123,
		"large_number":	-50000000000
	}]
