[{
		"text":	"A string with [ and { and : and # inside it",
		"another":	"Another string with [ and { and : and # inside it"
	}]
