[{
		"message":	"it's a value with an apostrophe"
	}]
