[{
		"true":	"is a string key",
		"false":	1,
		"ok":	true
	}]
