[{
		"replicaCount":	1,
		"image":	{
			"repository":	"nginx",
			"pullPolicy":	"IfNotPresent",
			"tag":	""
		},
		"resources":	{
			"limits":	{
				"cpu":	"100m",
				"memory":	"128Mi"
			},
			"requests":	{
				"cpu":	"100m",
				"memory":	"128Mi"
			}
		}
	}]
