[{
		"endpoint":	"https://api.example.com/v1/users"
	}]
