[{
		"message":	"First line.\n\tSecond line, indented.\n\"A quote\" and a \\ backslash."
	}]
