[{
		"discount":	"10%",
		"user":	"@admin",
		"message":	"Sale is 20% off for @everyone!"
	}]
