[{
		"key":	"scalar_value",
		"key":	{
			"nested_key":	"nested_value"
		}
	}]
