[{
		"services":	{
			"web":	{
				"ports":	["80:80"],
				"ports":	["443:443"]
			}
		}
	}]
