[{
		"key":	{
			"value":	"flow"
		},
		"key":	{
			"value":	"block"
		}
	}]
