[{
		"message":	"Line 1\nLine 2\tIndented\nQuote: \" Backslash: \\ Forward-slash: /"
	}]
