[{
		"config":	{
			"key":	"value",
			"num":	123,
			"valid":	true
		}
	}]
